     1                                  ; Daniel Mitchell
     2                                  ; Program 1: Data Storage
     3                                  ; September 9, 2020
     4                                  ; Etc...
     5                                  
     6                                  SECTION .data
     7                                  ; define data/variables here.  Think DB, DW, DD, DQ
     8                                  
     9 00000000 0B                      a1:      db      11
    10 00000001 0300                    b1:      dw      11b
    11 00000003 11000000                c1:      dd      11h
    12 00000007 0900000000000000        d1:      dq      11q
    13 0000000F FBFF                    e1:      dw      -5
    14 00000011 435343333232            f1:      db      'CSC322'
    15 00000017 486F776479              g1:      db      'Howdy'
    16 0000001C 05                      a2:	db 	5
    17 0000001D 04                      b2:	db	4
    18 0000001E 03                      c2:	db 	3
    19 0000001F 02                      d2:	db 	2
    20 00000020 01                      a3:	db 	1
    21 00000021 0100                    b3:	dw	1
    22 00000023 0200                    c3:	dw	2
    23 00000025 0300                    d3:	dw 	3
    24 00000027 0400                    e3:	dw	4
    25 00000029 0500                    f3:	dw	5
    26 0000002B 0A000000                g3:	dd	10
    27 0000002F 0B000000                h3:	dd	11
    28 00000033 0C000000                i3:	dd	12
    29 00000037 0D000000                j3:	dd	13
    30 0000003B 1000000000000000        k3:	dq	10h
    31 00000043 1100000000000000        l3:	dq	11h
    32 0000004B 1200000000000000        m3:	dq	12h
    33 00000053 1300000000000000        n3:	dq	13h
    34 0000005B FB                      o3:	db	-5	
    35 0000005C F6FF                    p3:	dw	-10
    36 0000005E F1                      q3: 	db	-15
    37 0000005F ECFF                    r3:	dw	-20
    38 00000061 E7                      s3:	db	-25
    39 00000062 4D6572636572            a4:	db	'Mercer'
    40 00000068 0A                      b4:	db	10
    41 00000069 00                      c4:	db	0
    42 0000006A 476F20                  d4:	db	'Go '
    43 0000006D 426561727321            e4:	db	'Bears!'
    44 00000073 6400                    a5:	dw	100
    45 00000075 00010000                b5:	dd	100h
    46 00000079 04                      c5:	db	100b
    47 0000007A 4000                    d5:	dw	100q
    48 0000007C 64000000                e5:	dd	100d
    49                                  
    50                                  SECTION .bss
    51                                  ; define uninitialized data here
    52                                  
    53                                  SECTION .text
    54                                  global _main
    55                                  _main:
    56                                  
    57                                  ; put your code here.
    58                                  
    59                                  
    60                                  
    61                                  ; Normal termination code
    62 00000000 B801000000              mov eax, 1
    63 00000005 BB00000000              mov ebx, 0
    64 0000000A CD80                    int 80h
    65                                  
